09:48:21 | INFO: Data are loaded, start creating Blender stuff
09:48:21 | INFO: Blender create Mesh node 01 | Fractured limestone
09:48:21 | INFO: Blender create Mesh node 02 | Deep strata
09:48:21 | INFO: Blender create Mesh node 03 | Dressed masonry
09:48:21 | INFO: Blender create Mesh node 04 | Worn cornice
09:48:21 | INFO: Blender create Mesh node 05 | Brushed antique brass
09:48:21 | INFO: Blender create Mesh node 06 | Cedar and roots
09:48:21 | INFO: Blender create Mesh node 07 | Enamel and shadow
09:48:21 | INFO: Blender create Mesh node 08 | Deep foliage
09:48:21 | INFO: Blender create Mesh node 09 | Sunlit foliage
09:48:21 | INFO: Blender create Mesh node 10 | Lantern glass
09:48:21 | INFO: Blender create Mesh node 11 | Aether mineral
09:48:21 | INFO: Blender create Mesh node 12 | Surface biome
09:48:21 | INFO: glTF import finished in 0.52s
Info: Saved as "dawn-terraces.blend"
INFO Draco is available, use library at C:\Program Files\Blender Foundation\Blender 5.2\5.2\scripts\addons_core\io_scene_gltf2\bf_intern_draco_bridge.dll
INFO MeshOptimizer is available, use library at C:\Program Files\Blender Foundation\Blender 5.2\5.2\scripts\addons_core\io_scene_gltf2\bf_intern_meshopt_bridge.dll
09:48:22 | INFO: Starting glTF 2.0 export
09:48:22 | INFO: Extracting primitive: 06 | Cedar and roots.001
09:48:22 | INFO: Primitives created: 1
09:48:22 | INFO: Extracting primitive: 08 | Deep foliage.001
09:48:22 | WARNING: More than one shader node tex image used for a texture. The resulting glTF sampler will behave like the first shader node tex image.
09:48:22 | INFO: Primitives created: 1
09:48:22 | INFO: Extracting primitive: 09 | Sunlit foliage.001
09:48:22 | INFO: Primitives created: 1
09:48:22 | INFO: Finished glTF 2.0 export in 0.10117936134338379 s

TERRACES_R56 {"kind": "dawn", "base_triangles": 194376, "added_triangles": 4880, "combined_triangles": 199256, "groups": [{"type": "grounded bed", "anchor": [-20, 8], "centers": [[-21.156670109635222, 0.0, 5.916527038897189, -1], [-20.0, 1.52587890625e-05, 8.35, 0], [-18.843329890364778, 0.0, 10.461684575210509, 1]], "triangle_delta": 624}, {"type": "grounded bed", "anchor": [20, 8], "centers": [[18.22339789116473, 0.0, 10.018363838847632, -1], [20.0, 0.0, 7.8543486072085, 0], [21.77660210883527, 0.0, 5.8242445943960615, 1]], "triangle_delta": 624}, {"type": "grounded bed", "anchor": [20, 31], "centers": [[20.0, 0.0, 30.653502626189844, 0], [22.537260621458966, 1.52587890625e-05, 31.025799945147146, 1]], "triangle_delta": 416}, {"type": "grounded bed", "anchor": [-17, 47], "centers": [[-17.433416214395614, 0.0, 44.140605814719265, -1], [-17.0, 1.52587890625e-05, 46.77122473269774, 0], [-16.566583785604386, 1.52587890625e-05, 49.6121785763827, 1]], "triangle_delta": 624}, {"type": "grounded bed", "anchor": [17, 46], "centers": [[16.566583785604386, 0.0, 43.25832792122716, -1], [17.0, 0.0, 46.09928176491213, 0], [17.433416214395614, 0.0, 48.848956411798206, 1]], "triangle_delta": 624}, {"type": "grounded bed", "anchor": [-52, -40], "centers": [[-54.23783553282045, 7.0, -41.541430715100354, -1], [-52.0, 7.0, -40.29367503517676, 0], [-49.76216446717955, 7.0, -38.77591588226347, 1]], "triangle_delta": 624}, {"type": "grounded bed", "anchor": [-6, -64], "centers": [[-8.55, 0.2400054931640625, -64.26589076950059, -1], [-6.0, 0.2400054931640625, -64.33518081811319, 0], [-3.45, 1.52587890625e-05, -64.09630716831806, 1]], "triangle_delta": 624}, {"type": "rooted ledge garden", "anchor": [-67.25, 7.0000152587890625, 20.0], "triangle_delta": 180}, {"type": "rooted ledge garden", "anchor": [-49.0, 0.0, 59.25], "triangle_delta": 180}, {"type": "rooted ledge garden", "anchor": [59.25, 1.52587890625e-05, 37.0], "triangle_delta": 180}, {"type": "rooted ledge garden", "anchor": [52.0, 16.000015258789062, -59.25], "triangle_delta": 180}], "rejected_anchors": [{"anchor": [-20, 30], "reason": "insufficient continuous planting footprint outside protected surfaces"}, {"anchor": [-45, 23], "reason": "insufficient continuous planting footprint outside protected surfaces"}, {"anchor": [-46, 40], "reason": "insufficient continuous planting footprint outside protected surfaces"}, {"anchor": [44, 39], "reason": "insufficient continuous planting footprint outside protected surfaces"}, {"anchor": [47, 5], "reason": "insufficient continuous planting footprint outside protected surfaces"}, {"anchor": [57, -17], "reason": "insufficient continuous planting footprint outside protected surfaces"}, {"anchor": [29, -1], "reason": "insufficient continuous planting footprint outside protected surfaces"}, {"anchor": [-58, 52], "reason": "insufficient continuous planting footprint outside protected surfaces"}, {"anchor": [60, 45], "reason": "insufficient continuous planting footprint outside protected surfaces"}, {"anchor": [30, -62], "reason": "insufficient continuous planting footprint outside protected surfaces"}, {"anchor": [-53, 15], "reason": "insufficient continuous planting footprint outside protected surfaces"}, {"anchor": [61, 15], "reason": "insufficient continuous planting footprint outside protected surfaces"}, {"anchor": [-27, 48], "reason": "insufficient continuous planting footprint outside protected surfaces"}], "collision_changes": 0, "lod_changes": 0, "materials_reused": ["06", "08", "09"], "shader_material_mutations": false}
09:48:22 | INFO: Data are loaded, start creating Blender stuff
09:48:22 | INFO: Blender create Mesh node 01 | Fractured limestone
09:48:22 | INFO: Blender create Mesh node 02 | Deep strata
09:48:22 | INFO: Blender create Mesh node 03 | Dressed masonry
09:48:22 | INFO: Blender create Mesh node 04 | Worn cornice
09:48:22 | INFO: Blender create Mesh node 05 | Brushed antique brass
09:48:22 | INFO: Blender create Mesh node 06 | Cedar and roots
09:48:22 | INFO: Blender create Mesh node 07 | Enamel and shadow
09:48:22 | INFO: Blender create Mesh node 08 | Deep foliage
09:48:22 | INFO: Blender create Mesh node 09 | Sunlit foliage
09:48:22 | INFO: Blender create Mesh node 10 | Lantern glass
09:48:23 | INFO: Blender create Mesh node 11 | Aether mineral
09:48:23 | INFO: Blender create Mesh node 12 | Surface biome
09:48:23 | INFO: glTF import finished in 0.37s
Info: Saved as "dawn-watch-terraces.blend"
09:48:23 | INFO: Starting glTF 2.0 export
09:48:23 | INFO: Extracting primitive: 06 | Cedar and roots.001
09:48:23 | INFO: Primitives created: 1
09:48:23 | INFO: Extracting primitive: 08 | Deep foliage.001
09:48:23 | WARNING: More than one shader node tex image used for a texture. The resulting glTF sampler will behave like the first shader node tex image.
09:48:23 | INFO: Primitives created: 1
09:48:23 | INFO: Extracting primitive: 09 | Sunlit foliage.001
09:48:23 | INFO: Primitives created: 1
09:48:23 | INFO: Finished glTF 2.0 export in 0.07182645797729492 s

TERRACES_R56 {"kind": "dawn-watch", "base_triangles": 143655, "added_triangles": 5116, "combined_triangles": 148771, "groups": [{"type": "grounded bed", "anchor": [17, 34], "centers": [[17.0, 4.0, 33.65350262618984, 0], [19.537260621458966, 4.0, 34.02579994514715, 1]], "triangle_delta": 416}, {"type": "grounded bed", "anchor": [-19, 13], "centers": [[-21.55, 9.0, 12.653502626189844, -1], [-19.0, 9.000015258789062, 12.771224732697736, 0], [-16.45, 9.0, 13.09928176491213, 1]], "triangle_delta": 624}, {"type": "grounded bed", "anchor": [19, 13], "centers": [[16.45, 9.0, 12.771224732697736, -1], [19.0, 9.0, 13.09928176491213, 0], [21.55, 9.0, 13.336059600327628, 1]], "triangle_delta": 624}, {"type": "grounded bed", "anchor": [-18, -7], "centers": [[-20.499169773495165, 15.0, -7.4073250286152765, -1], [-18.0, 15.0, -6.663940399672372, 0]], "triangle_delta": 416}, {"type": "grounded bed", "anchor": [17, -10], "centers": [[17.0, 15.0, -9.736134210979843, 0], [19.537260621458966, 15.0, -9.796349799383602, 1]], "triangle_delta": 416}, {"type": "grounded bed", "anchor": [-52, 27], "centers": [[-52.43341621439561, 4.0, 24.19342815335267, -1], [-52.0, 4.0, 27.001548994295817, 0], [-51.56658378560439, 4.0, 29.808245697026944, 1]], "triangle_delta": 624}, {"type": "grounded bed", "anchor": [46, -11], "centers": [[46.0, 15.0, -10.952141973627258, 0], [46.43341621439561, 15.0, -8.752993958030014, 1]], "triangle_delta": 416}, {"type": "grounded bed", "anchor": [-31, 17], "centers": [[-33.55, 9.0, 16.664819181886816, -1], [-31.0, 9.0, 16.90369283168194, 0], [-28.45, 9.0, 17.23111084788543, 1]], "triangle_delta": 624}, {"type": "grounded bed", "anchor": [-39, 36], "centers": [[-41.53726062145896, 4.0, 35.976535635436015, -1], [-39.0, 4.0, 36.346046616365335, 0]], "triangle_delta": 416}, {"type": "rooted ledge garden", "anchor": [-68.25, 9.0, 10.0], "triangle_delta": 180}, {"type": "rooted ledge garden", "anchor": [-51.0, 4.0, 44.25], "triangle_delta": 180}, {"type": "rooted ledge garden", "anchor": [43.25, 23.0, -18.0], "triangle_delta": 180}], "rejected_anchors": [{"anchor": [-19, 51], "reason": "insufficient continuous planting footprint outside protected surfaces"}, {"anchor": [19, 54], "reason": "insufficient continuous planting footprint outside protected surfaces"}, {"anchor": [-18, 33], "reason": "insufficient continuous planting footprint outside protected surfaces"}, {"anchor": [-18, -26], "reason": "insufficient continuous planting footprint outside protected surfaces"}, {"anchor": [7, -44], "reason": "insufficient continuous planting footprint outside protected surfaces"}, {"anchor": [26, -52], "reason": "insufficient continuous planting footprint outside protected surfaces"}, {"anchor": [-55, 0], "reason": "insufficient continuous planting footprint outside protected surfaces"}, {"anchor": [44, 22], "reason": "insufficient continuous planting footprint outside protected surfaces"}, {"anchor": [-54, -42], "reason": "insufficient continuous planting footprint outside protected surfaces"}, {"anchor": [34, -21], "reason": "insufficient continuous planting footprint outside protected surfaces"}, {"anchor": [30, 19], "reason": "insufficient continuous planting footprint outside protected surfaces"}], "collision_changes": 0, "lod_changes": 0, "materials_reused": ["06", "08", "09"], "shader_material_mutations": false}
Blender 5.2.1 LTS (hash 9e2066aef7ef built 2026-08-25 02:38:20)

Blender quit
