{
  "schema": 1,
  "islands": [
    {
      "kind": "dawn",
      "sha256": "ad650143d24404c301022f008eebab25173a3d22f0bbb830530137c2776e4c7c",
      "triangles": 181520,
      "added_triangles": 4880,
      "later_r59_rock_delta": -17736,
      "material12_r60_validated": true,
      "meshes": 12,
      "nodes": 12,
      "materials": 12,
      "batches": [
        {
          "mesh": "01 | Fractured limestone",
          "later_replacement": "R59",
          "triangle_delta": -17736,
          "authored_r59_payload_byte_exact": true
        },
        {
          "mesh": "02 | Deep strata",
          "added_triangles": 0,
          "original_attributes_and_corners_exact": true
        },
        {
          "mesh": "03 | Dressed masonry",
          "added_triangles": 0,
          "original_attributes_and_corners_exact": true
        },
        {
          "mesh": "04 | Worn cornice",
          "added_triangles": 0,
          "original_attributes_and_corners_exact": true
        },
        {
          "mesh": "05 | Brushed antique brass",
          "added_triangles": 0,
          "original_attributes_and_corners_exact": true
        },
        {
          "mesh": "06 | Cedar and roots",
          "added_triangles": 1744,
          "original_attributes_and_corners_exact": true
        },
        {
          "mesh": "07 | Enamel and shadow",
          "added_triangles": 0,
          "original_attributes_and_corners_exact": true
        },
        {
          "mesh": "08 | Deep foliage",
          "added_triangles": 832,
          "original_attributes_and_corners_exact": true
        },
        {
          "mesh": "09 | Sunlit foliage",
          "added_triangles": 2304,
          "original_attributes_and_corners_exact": true
        },
        {
          "mesh": "10 | Lantern glass",
          "added_triangles": 0,
          "original_attributes_and_corners_exact": true
        },
        {
          "mesh": "11 | Aether mineral",
          "added_triangles": 0,
          "original_attributes_and_corners_exact": true
        },
        {
          "mesh": "12 | Surface biome",
          "added_triangles": 0,
          "original_attributes_and_corners_exact": true
        }
      ],
      "added_foliage_surface_area_m2": 673.1978005749248,
      "max_normal_length_error": 1.3418865396630508e-7,
      "max_tangent_length_error": 0.00008414063282713435,
      "degenerate_added_triangles": 0,
      "inverted_added_triangles": 0,
      "architecture_and_practicable_terrain_exact": true,
      "rock_replaced_by_r59": true,
      "whole_island_aabb_exact": true,
      "lod_collision_landmark_routes_exact": true
    },
    {
      "kind": "dawn-watch",
      "sha256": "7cb3a6a54c4ec339179670ac149928dbf64241838ff7cf3d2fb795e2ea22581f",
      "triangles": 124521,
      "added_triangles": 5116,
      "later_r59_rock_delta": -24250,
      "material12_r60_validated": true,
      "meshes": 12,
      "nodes": 12,
      "materials": 12,
      "batches": [
        {
          "mesh": "01 | Fractured limestone",
          "later_replacement": "R59",
          "triangle_delta": -24250,
          "authored_r59_payload_byte_exact": true
        },
        {
          "mesh": "02 | Deep strata",
          "added_triangles": 0,
          "original_attributes_and_corners_exact": true
        },
        {
          "mesh": "03 | Dressed masonry",
          "added_triangles": 0,
          "original_attributes_and_corners_exact": true
        },
        {
          "mesh": "04 | Worn cornice",
          "added_triangles": 0,
          "original_attributes_and_corners_exact": true
        },
        {
          "mesh": "05 | Brushed antique brass",
          "added_triangles": 0,
          "original_attributes_and_corners_exact": true
        },
        {
          "mesh": "06 | Cedar and roots",
          "added_triangles": 1868,
          "original_attributes_and_corners_exact": true
        },
        {
          "mesh": "07 | Enamel and shadow",
          "added_triangles": 0,
          "original_attributes_and_corners_exact": true
        },
        {
          "mesh": "08 | Deep foliage",
          "added_triangles": 848,
          "original_attributes_and_corners_exact": true
        },
        {
          "mesh": "09 | Sunlit foliage",
          "added_triangles": 2400,
          "original_attributes_and_corners_exact": true
        },
        {
          "mesh": "10 | Lantern glass",
          "added_triangles": 0,
          "original_attributes_and_corners_exact": true
        },
        {
          "mesh": "11 | Aether mineral",
          "added_triangles": 0,
          "original_attributes_and_corners_exact": true
        },
        {
          "mesh": "12 | Surface biome",
          "added_triangles": 0,
          "original_attributes_and_corners_exact": true
        }
      ],
      "added_foliage_surface_area_m2": 704.4476059773828,
      "max_normal_length_error": 1.360530741401078e-7,
      "max_tangent_length_error": 0.0000717141116118869,
      "degenerate_added_triangles": 0,
      "inverted_added_triangles": 0,
      "architecture_and_practicable_terrain_exact": true,
      "rock_replaced_by_r59": true,
      "whole_island_aabb_exact": true,
      "lod_collision_landmark_routes_exact": true
    }
  ],
  "lod": [
    {
      "file": "dawn-lod.glb",
      "material12_r60_validated": true,
      "all_geometry_bin_and_projected_json_exact": true
    },
    {
      "file": "dawn-watch-lod.glb",
      "material12_r60_validated": true,
      "all_geometry_bin_and_projected_json_exact": true
    }
  ],
  "corruption_tests": [
    {
      "kind": "dawn",
      "case": "payload",
      "rejected": true
    },
    {
      "kind": "dawn",
      "case": "header-length",
      "rejected": true
    },
    {
      "kind": "dawn",
      "case": "json",
      "rejected": true
    },
    {
      "kind": "dawn-watch",
      "case": "payload",
      "rejected": true
    },
    {
      "kind": "dawn-watch",
      "case": "header-length",
      "rejected": true
    },
    {
      "kind": "dawn-watch",
      "case": "json",
      "rejected": true
    }
  ]
}
