   Compiling bevy_utils v0.19.1
   Compiling bevy_reflect v0.19.1
   Compiling bevy_ecs v0.19.1
   Compiling bevy_math v0.19.1
   Compiling glam_matrix_extras v0.3.0
   Compiling bevy_color v0.19.1
   Compiling bevy_heavy v0.5.0
   Compiling bevy_app v0.19.1
   Compiling bevy_time v0.19.1
   Compiling bevy_transform v0.19.1
   Compiling bevy_input v0.19.1
   Compiling bevy_log v0.19.1
   Compiling bevy_a11y v0.19.1
   Compiling bevy_state v0.19.1
   Compiling bevy_clipboard v0.19.1
   Compiling bevy_diagnostic v0.19.1
   Compiling bevy_asset v0.19.1
   Compiling bevy_window v0.19.1
   Compiling bevy_input_focus v0.19.1
   Compiling bevy_mesh v0.19.1
   Compiling bevy_image v0.19.1
   Compiling bevy_shader v0.19.1
   Compiling bevy_winit v0.19.1
   Compiling bevy_scene v0.19.1
   Compiling bevy_audio v0.19.1
   Compiling bevy_text v0.19.1
   Compiling bevy_camera v0.19.1
   Compiling bevy_material v0.19.1
   Compiling bevy_animation v0.19.1
   Compiling bevy_gizmos v0.19.1
   Compiling bevy_render v0.19.1
   Compiling bevy_sprite v0.19.1
   Compiling bevy_world_serialization v0.19.1
   Compiling bevy_ui v0.19.1
   Compiling bevy_light v0.19.1
   Compiling bevy_gltf v0.19.1
   Compiling bevy_core_pipeline v0.19.1
   Compiling bevy_sprite_render v0.19.1
   Compiling bevy_pbr v0.19.1
   Compiling bevy_anti_alias v0.19.1
   Compiling bevy_post_process v0.19.1
   Compiling bevy_ui_render v0.19.1
   Compiling bevy_gizmos_render v0.19.1
   Compiling bevy_internal v0.19.1
   Compiling bevy v0.19.0
   Compiling bevy-tnua-physics-integration-layer v0.13.0
   Compiling bevy_transform_interpolation v0.5.0
   Compiling aether_view v0.1.0 (C:\Users\Damien\Documents\Perso\Game\Aether-git\aether-reboot\crates\aether_view)
   Compiling bevy-tnua v0.32.0
   Compiling avian3d v0.7.0
   Compiling bevy-tnua-avian3d v0.12.0
   Compiling aether_sim v0.1.0 (C:\Users\Damien\Documents\Perso\Game\Aether-git\aether-reboot\crates\aether_sim)
   Compiling aether_game v0.1.0 (C:\Users\Damien\Documents\Perso\Game\Aether-git\aether-reboot\crates\aether_game)
    Finished `dev` profile [optimized] target(s) in 3m 06s
