   Compiling aether_core v0.1.0 (C:\Users\Damien\Documents\Perso\Game\Aether-git\aether-reboot\crates\aether_core)
    Finished `test` profile [optimized] target(s) in 1.74s
     Running unittests src\lib.rs (target\debug\deps\aether_core-0a5a65eb82b4cd40.exe)

running 0 tests

test result: ok. 0 passed; 0 failed; 0 ignored; 0 measured; 0 filtered out; finished in 0.00s

     Running tests\domain.rs (target\debug\deps\domain-48cfa64556ba3550.exe)

running 30 tests
test bounded_cell_input_rejects_integer_extremes ... ok
test glass_does_not_hide_opaque ... ok
test duplicate_and_extent_rejected ... ok
test cube_greedy_has_six_quads ... ok
test sail_force_follows_normal_and_is_bounded ... ok
test blueprint_does_not_include_fuel ... ok
test terrain_segment_test_detects_thin_obstacles_and_parallel_rays ... ok
test part_footprint_conflict_is_atomic ... ok
test dda_selects_surface_and_rejects_nan ... ok
test new_edit_discards_redo ... ok
test session_rejects_corruption_and_impossible_fuel ... ok
test negative_chunks_round_trip ... ok
test mass_of_single_cube_matches_formula ... ok
test mesh_stress_does_not_relax_public_cell_limit ... ok
test ray_picking_uses_local_coordinates_on_a_rotated_body ... ok
test dda_inside_and_negative_coordinates ... ok
test exact_connectivity_finds_distant_loop ... ok
test empty_chunk_is_freed ... ok
test session_rejects_unknown_version_and_duplicate_ids ... ok
test invalid_generated_inputs_never_mutate_the_body ... ok
test session_roundtrip_preserves_pose_and_origin ... ok
test field_is_bounded_continuous_and_inert_outside ... ok
test saves_preserve_altitude_setpoint_and_accept_early_v1 ... ok
test real_chunk_boundary_hides_interior_faces ... ok
test rejected_transaction_changes_nothing ... ok
test starter_has_every_function_and_valid_mass ... ok
test winding_points_out ... ok
test undo_redo_100_operations ... ok
test entire_allowed_fleet_fits_the_session_byte_budget ... ok
test cooperative_mesher_matches_full_mesher_for_bounded_generated_shapes ... ok

test result: ok. 30 passed; 0 failed; 0 ignored; 0 measured; 0 filtered out; finished in 0.56s

   Doc-tests aether_core

running 0 tests

test result: ok. 0 passed; 0 failed; 0 ignored; 0 measured; 0 filtered out; finished in 0.00s

