   Compiling proc-macro2 v1.0.107
   Compiling quote v1.0.47
   Compiling unicode-ident v1.0.24
   Compiling serde_core v1.0.229
   Compiling libm v0.2.16
   Compiling equivalent v1.0.2
   Compiling cfg-if v1.0.4
   Compiling serde v1.0.229
   Compiling hashbrown v0.17.1
   Compiling pin-project-lite v0.2.17
   Compiling log v0.4.34
   Compiling windows-link v0.2.1
   Compiling thiserror v2.0.20
   Compiling winnow v1.0.4
   Compiling foldhash v0.1.5
   Compiling toml_datetime v0.7.5+spec-1.1.0
   Compiling once_cell v1.21.4
   Compiling winnow v0.7.15
   Compiling foldhash v0.2.0
   Compiling smallvec v1.15.2
   Compiling version_check v0.9.5
   Compiling autocfg v1.5.1
   Compiling crossbeam-utils v0.8.22
   Compiling arrayvec v0.7.8
   Compiling parking v2.2.1
   Compiling unicode-segmentation v1.13.3
   Compiling typewit v1.15.2
   Compiling futures-core v0.3.34
   Compiling typeid v1.0.3
   Compiling rand_core v0.9.5
   Compiling unicode-xid v0.2.6
   Compiling futures-io v0.3.34
   Compiling windows-sys v0.61.2
   Compiling hashbrown v0.15.5
   Compiling event-listener v5.4.2
   Compiling toml_parser v1.1.3+spec-1.1.0
   Compiling indexmap v2.14.0
   Compiling const_panic v0.2.17
   Compiling rand v0.9.5
   Compiling convert_case v0.10.0
   Compiling getrandom v0.4.3
   Compiling fastrand v2.5.0
   Compiling spin v0.10.1
   Compiling thread_local v1.1.10
   Compiling erased-serde v0.4.10
   Compiling disqualified v1.0.0
   Compiling fixedbitset v0.5.7
   Compiling event-listener-strategy v0.5.4
   Compiling atomic-waker v1.1.2
   Compiling async-task v4.7.1
   Compiling downcast-rs v2.0.2
   Compiling slab v0.4.12
   Compiling inventory v0.3.24
   Compiling slotmap v1.1.1
   Compiling num-traits v0.2.19
   Compiling bevy_ptr v0.18.1
   Compiling zerocopy v0.8.56
   Compiling nonmax v0.5.5
   Compiling bumpalo v3.20.3
   Compiling tracing-core v0.1.36
   Compiling memchr v2.8.3
   Compiling futures-lite v2.6.1
   Compiling cfg_aliases v0.2.2
   Compiling either v1.18.0
   Compiling regex-syntax v0.8.11
   Compiling find-msvc-tools v0.1.11
   Compiling shlex v2.0.1
   Compiling simd-adler32 v0.3.10
   Compiling crc32fast v1.5.1
   Compiling piper v0.2.5
   Compiling itertools v0.14.0
   Compiling adler2 v2.0.1
   Compiling async-lock v3.4.2
   Compiling ctrlc v3.5.2
   Compiling aho-corasick v1.1.5
   Compiling cpufeatures v0.3.0
   Compiling constant_time_eq v0.4.2
   Compiling futures-task v0.3.34
   Compiling lazy_static v1.5.0
   Compiling const-fnv1a-hash v1.1.0
   Compiling miniz_oxide v0.8.9
   Compiling windows_x86_64_msvc v0.52.6
   Compiling fdeflate v0.3.7
   Compiling stackfuture v0.3.1
   Compiling async-broadcast v0.7.2
   Compiling pxfm v0.1.30
   Compiling atomicow v1.2.0
   Compiling raw-window-handle v0.6.2
   Compiling sharded-slab v0.1.7
   Compiling nu-ansi-term v0.50.3
   Compiling tracing-log v0.2.0
   Compiling svg_fmt v0.4.5
   Compiling cc v1.4.4
   Compiling twox-hash v2.1.3
   Compiling byteorder-lite v0.1.0
   Compiling rectangle-pack v0.4.2
   Compiling const_soft_float v0.1.4
   Compiling rustc-hash v1.1.0
   Compiling bevy_mikktspace v0.17.0-dev
   Compiling concurrent-queue v2.5.0
   Compiling crossbeam-queue v0.3.13
   Compiling crossbeam-channel v0.5.16
   Compiling syn v2.0.119
   Compiling syn v3.0.4
   Compiling async-channel v2.5.0
   Compiling toml_edit v0.23.10+spec-1.0.0
   Compiling async-executor v1.14.0
   Compiling ruzstd v0.8.3
   Compiling constgebra v0.1.4
   Compiling winapi-util v0.1.11
   Compiling windows-targets v0.52.6
   Compiling flate2 v1.1.9
   Compiling naga v27.0.3
   Compiling blocking v1.7.0
   Compiling termcolor v1.4.1
   Compiling windows-result v0.2.0
   Compiling unicode-width v0.2.2
   Compiling bit-vec v0.8.0
   Compiling regex-automata v0.4.18
   Compiling async-fs v2.2.0
   Compiling windows-strings v0.1.0
   Compiling codespan-reporting v0.12.0
   Compiling bit-set v0.8.0
   Compiling hexf-parse v0.2.1
   Compiling thiserror v1.0.69
   Compiling parking_lot_core v0.9.12
   Compiling ash v0.38.0+1.3.281
   Compiling scopeguard v1.2.0
   Compiling lock_api v0.4.14
   Compiling core_maths v0.1.1
   Compiling wgpu-hal v27.0.4
   Compiling libloading v0.8.9
   Compiling windows-link v0.1.3
   Compiling presser v0.3.1
   Compiling renderdoc-sys v1.1.0
   Compiling rand_distr v0.5.1
   Compiling euclid v0.22.14
   Compiling ordered-float v5.5.0
   Compiling static_assertions v1.1.0
   Compiling profiling v1.0.18
   Compiling range-alloc v0.1.5
   Compiling wgpu-core v27.0.3
   Compiling litrs v1.0.0
   Compiling windows-result v0.3.4
   Compiling windows-strings v0.4.2
   Compiling wgpu v27.0.1
   Compiling data-encoding v2.11.1
   Compiling tinyvec_macros v0.1.1
   Compiling tinyvec v1.12.0
   Compiling parking_lot v0.12.5
   Compiling ttf-parser v0.25.1
   Compiling accesskit v0.21.1
   Compiling hashbrown v0.16.1
   Compiling uuid v1.25.0
   Compiling moxcms v0.8.1
   Compiling guillotiere v0.6.2
   Compiling zeno v0.3.3
   Compiling yazi v0.2.1
   Compiling radsort v0.1.1
   Compiling memmap2 v0.9.11
   Compiling offset-allocator v0.2.0
   Compiling sys-locale v0.3.2
   Compiling self_cell v1.3.0
   Compiling rangemap v1.8.0
   Compiling unicode-linebreak v0.1.5
   Compiling linebender_resource_handle v0.1.1
   Compiling unicode-bidi v0.3.18
   Compiling unicode-script v0.5.8
   Compiling zmij v1.0.23
   Compiling windows-threading v0.1.0
   Compiling serde_json v1.0.151
   Compiling winit v0.30.13
   Compiling inflections v1.1.1
   Compiling itoa v1.0.18
   Compiling accesskit_consumer v0.31.0
   Compiling windows-sys v0.52.0
   Compiling grid v1.0.1
   Compiling dpi v0.1.2
   Compiling cursor-icon v1.2.0
   Compiling document-features v0.2.12
   Compiling ahash v0.8.12
   Compiling byteorder v1.5.0
   Compiling taffy v0.9.2
   Compiling approx v0.5.1
   Compiling percent-encoding v2.3.2
   Compiling base64 v0.22.1
   Compiling allocator-api2 v0.2.21
   Compiling matchers v0.2.0
   Compiling regex v1.13.1
   Compiling bevy_macro_utils v0.18.1
   Compiling encase_derive_impl v0.12.1
   Compiling fontdb v0.23.0
   Compiling blake3 v1.8.7
   Compiling bytemuck_derive v1.12.0
   Compiling serde_derive v1.0.229
   Compiling thiserror-impl v2.0.20
   Compiling futures-macro v0.3.34
   Compiling encase_derive v0.12.1
   Compiling derive_more-impl v2.1.1
   Compiling assert_type_match v0.1.1
   Compiling variadics_please v1.1.0
   Compiling bevy_reflect_derive v0.18.1
   Compiling zerocopy-derive v0.8.56
   Compiling bevy_ecs_macros v0.18.1
   Compiling bevy_derive v0.18.1
   Compiling tracing-attributes v0.1.31
   Compiling bevy_asset_macros v0.18.1
   Compiling windows-interface v0.58.0
   Compiling windows-implement v0.58.0
   Compiling thiserror-impl v1.0.69
   Compiling windows-implement v0.60.2
   Compiling windows-interface v0.59.3
   Compiling bevy_encase_derive v0.18.1
   Compiling bevy_render_macros v0.18.1
   Compiling gltf-derive v1.4.1
   Compiling bevy_animation_macros v0.18.1
   Compiling bevy_state_macros v0.18.1
   Compiling futures-util v0.3.34
   Compiling bytemuck v1.25.2
   Compiling windows-core v0.58.0
   Compiling bitflags v2.13.1
   Compiling font-types v0.10.1
   Compiling font-types v0.12.4
   Compiling windows v0.58.0
   Compiling png v0.18.1
   Compiling ktx2 v0.4.0
   Compiling spirv v0.3.0+sdk-1.3.268.0
   Compiling gpu-descriptor-types v0.2.0
   Compiling image v0.25.10
   Compiling gpu-alloc-types v0.3.1
   Compiling gpu-alloc v0.6.2
   Compiling gpu-descriptor v0.3.2
   Compiling encase v0.12.1
   Compiling read-fonts v0.41.0
   Compiling read-fonts v0.36.0
   Compiling windows-core v0.61.2
   Compiling glam v0.30.10
   Compiling windows-collections v0.2.0
   Compiling windows-future v0.2.1
   Compiling windows-numerics v0.2.0
   Compiling tracing v0.1.44
   Compiling windows v0.61.3
   Compiling tracing-subscriber v0.3.23
   Compiling wgpu-types v27.0.1
   Compiling smol_str v0.2.2
   Compiling bevy_platform v0.18.1
   Compiling petgraph v0.8.3
   Compiling ron v0.12.2
   Compiling gltf-json v1.4.1
   Compiling voxelize-core v3.0.0
   Compiling bevy_utils v0.18.1
   Compiling derive_more v2.1.1
   Compiling bevy_tasks v0.18.1
   Compiling gltf v1.4.1
   Compiling gpu-allocator v0.27.0
   Compiling half v2.7.1
   Compiling hashbrown v0.14.5
   Compiling skrifa v0.44.0
   Compiling voxelize-mesher v3.0.0
   Compiling harfrust v0.4.1
   Compiling skrifa v0.39.0
   Compiling bevy_reflect v0.18.1
   Compiling hexasphere v16.0.0
   Compiling swash v0.2.10
   Compiling accesskit_windows v0.29.2
   Compiling accesskit_winit v0.29.2
   Compiling cosmic-text v0.16.0
   Compiling naga_oil v0.20.0
   Compiling bevy_ecs v0.18.1
   Compiling bevy_math v0.18.1
   Compiling wgpu-core-deps-windows-linux-android v27.0.0
   Compiling bevy_color v0.18.1
   Compiling bevy_app v0.18.1
   Compiling bevy_time v0.18.1
   Compiling bevy_log v0.18.1
   Compiling bevy_input v0.18.1
   Compiling bevy_a11y v0.18.1
   Compiling bevy_state v0.18.1
   Compiling bevy_transform v0.18.1
   Compiling bevy_diagnostic v0.18.1
   Compiling bevy_asset v0.18.1
   Compiling bevy_image v0.18.1
   Compiling bevy_shader v0.18.1
   Compiling bevy_mesh v0.18.1
   Compiling bevy_window v0.18.1
   Compiling bevy_text v0.18.1
   Compiling bevy_camera v0.18.1
   Compiling bevy_animation v0.18.1
   Compiling bevy_render v0.18.1
   Compiling bevy_picking v0.18.1
   Compiling bevy_sprite v0.18.1
   Compiling bevy_light v0.18.1
   Compiling bevy_scene v0.18.1
   Compiling bevy_input_focus v0.18.1
   Compiling bevy_ui v0.18.1
   Compiling bevy_winit v0.18.1
   Compiling bevy_core_pipeline v0.18.1
   Compiling bevy_pbr v0.18.1
   Compiling bevy_sprite_render v0.18.1
   Compiling bevy_ui_render v0.18.1
   Compiling bevy_gltf v0.18.1
   Compiling bevy_internal v0.18.1
   Compiling bevy v0.18.1
   Compiling aether_voxels v0.1.0 (C:\Users\Damien\Documents\Perso\Game\Aether-git\aether\crates\features\aether_voxels)
    Finished `test` profile [optimized + debuginfo] target(s) in 3m 19s
     Running unittests src\lib.rs (target/legacy-baseline\debug\deps\aether_voxels-63914796f31bab79.exe)

running 7 tests
test tests::single_world_contains_its_initial_voxel ... ok
test tests::greedy_mesher_merges_adjacent_voxels_and_culls_internal_faces ... ok
test tests::surface_coordinates_span_a_greedy_quad_in_voxel_units ... ok
test tests::packed_atlas_maps_one_three_voxel_quad_to_one_template ... ok
test tests::macro_atlas_splits_a_five_by_five_face_into_authored_regions ... ok
test tests::surface_coordinates_use_voxel_body_space_instead_of_quad_local_space ... ok
test tests::normalized_quad_uvs_put_borders_only_at_greedy_quad_edges ... ok

test result: ok. 7 passed; 0 failed; 0 ignored; 0 measured; 0 filtered out; finished in 0.00s

