   Compiling proc-macro2 v1.0.107
   Compiling unicode-ident v1.0.26
   Compiling quote v1.0.47
   Compiling serde_core v1.0.229
   Compiling windows-link v0.2.1
   Compiling libm v0.2.16
   Compiling autocfg v1.5.1
   Compiling cfg-if v1.0.5
   Compiling foldhash v0.2.0
   Compiling pin-project-lite v0.2.17
   Compiling equivalent v1.0.2
   Compiling serde v1.0.229
   Compiling allocator-api2 v0.2.21
   Compiling thiserror v2.0.21
   Compiling crossbeam-utils v0.8.23
   Compiling log v0.4.34
   Compiling hashbrown v0.17.1
   Compiling smallvec v1.16.2
   Compiling winnow v1.0.4
   Compiling toml_datetime v1.1.1+spec-1.1.0
   Compiling parking v2.2.1
   Compiling futures-core v0.3.34
   Compiling raw-window-handle v0.6.2
   Compiling fastrand v2.5.0
   Compiling futures-io v0.3.34
   Compiling getrandom v0.4.3
   Compiling typewit v1.15.2
   Compiling arrayvec v0.7.8
   Compiling rand_core v0.10.1
   Compiling foldhash v0.1.5
   Compiling unicode-segmentation v1.13.3
   Compiling windows-sys v0.61.2
   Compiling once_cell v1.21.4
   Compiling typeid v1.0.3
   Compiling unicode-xid v0.2.6
   Compiling spin v0.10.1
   Compiling event-listener v5.4.2
   Compiling const_panic v0.2.17
   Compiling futures-lite v2.6.1
   Compiling hashbrown v0.15.5
   Compiling thread_local v1.1.10
   Compiling convert_case v0.10.0
   Compiling erased-serde v0.4.10
   Compiling rand v0.10.3
   Compiling fixedbitset v0.5.7
   Compiling indexmap v2.14.2
   Compiling disqualified v1.1.0
   Compiling downcast-rs v2.0.2
   Compiling inventory v0.3.24
   Compiling bevy_ptr v0.19.1
   Compiling async-task v4.7.1
   Compiling version_check v0.9.5
   Compiling slab v0.4.12
   Compiling atomic-waker v1.1.2
   Compiling nonmax v0.5.5
   Compiling num-traits v0.2.19
   Compiling event-listener-strategy v0.5.4
   Compiling bumpalo v3.20.3
   Compiling either v1.18.0
   Compiling tracing-core v0.1.36
   Compiling zerocopy v0.8.59
   Compiling cfg_aliases v0.2.2
   Compiling memchr v2.8.3
   Compiling find-msvc-tools v0.1.14
   Compiling shlex v2.0.1
   Compiling piper v0.2.5
   Compiling constant_time_eq v0.4.2
   Compiling regex-syntax v0.8.11
   Compiling slotmap v1.1.1
   Compiling async-lock v3.4.2
   Compiling cpufeatures v0.3.1
   Compiling const-fnv1a-hash v1.1.0
   Compiling futures-task v0.3.34
   Compiling async-broadcast v0.7.2
   Compiling stackfuture v0.3.1
   Compiling windows-strings v0.5.1
   Compiling windows-result v0.4.1
   Compiling itertools v0.14.0
   Compiling atomicow v1.2.0
   Compiling stable_deref_trait v1.2.1
   Compiling simd-adler32 v0.3.10
   Compiling toml_parser v1.1.3+spec-1.1.0
   Compiling adler2 v2.0.1
   Compiling crc32fast v1.5.2
   Compiling aho-corasick v1.1.5
   Compiling windows-threading v0.2.1
   Compiling concurrent-queue v2.5.0
   Compiling crossbeam-queue v0.3.14
   Compiling crossbeam-channel v0.5.17
   Compiling lazy_static v1.5.1
   Compiling unicode-width v0.2.2
   Compiling syn v3.0.6
   Compiling syn v2.0.119
   Compiling miniz_oxide v0.9.1
   Compiling const_soft_float v0.1.4
   Compiling fdeflate v0.3.7
   Compiling miniz_oxide v0.8.9
   Compiling async-channel v2.5.0
   Compiling async-executor v1.14.0
   Compiling cc v1.5.1
   Compiling sharded-slab v0.1.7
   Compiling tracing-log v0.2.0
   Compiling naga v29.0.4
   Compiling bit-vec v0.9.1
   Compiling pxfm v0.1.30
   Compiling byteorder-lite v0.1.0
   Compiling twox-hash v2.1.4
   Compiling svg_fmt v0.4.5
   Compiling bevy_mikktspace v1.0.0
   Compiling rustc-hash v1.1.0
   Compiling toml_edit v0.25.15+spec-1.1.0
   Compiling blocking v1.7.0
   Compiling ctrlc v3.5.2
   Compiling winapi-util v0.1.11
   Compiling nu-ansi-term v0.50.3
   Compiling constgebra v0.1.4
   Compiling bit-set v0.9.1
   Compiling hexf-parse v0.2.1
   Compiling async-fs v2.2.0
   Compiling termcolor v1.4.1
   Compiling ruzstd v0.8.3
   Compiling rectangle-pack v0.4.2
   Compiling flate2 v1.1.10
   Compiling writeable v0.6.4
   Compiling ash v0.38.0+1.3.281
   Compiling parking_lot_core v0.9.12
   Compiling libloading v0.8.9
   Compiling static_assertions v1.1.0
   Compiling litemap v0.8.3
   Compiling scopeguard v1.2.0
   Compiling lock_api v0.4.14
   Compiling wgpu-hal v29.0.4
   Compiling presser v0.3.1
   Compiling profiling v1.0.18
   Compiling data-encoding v2.11.1
   Compiling renderdoc-sys v1.1.0
   Compiling utf8_iter v1.0.4
   Compiling approx v0.5.1
   Compiling rand_distr v0.6.0
   Compiling codespan-reporting v0.13.1
   Compiling euclid v0.22.14
   Compiling ordered-float v5.5.0
   Compiling regex-automata v0.4.18
   Compiling codespan-reporting v0.12.0
   Compiling hashbrown v0.16.1
   Compiling uuid v1.26.1
   Compiling range-alloc v0.1.5
   Compiling wgpu-core v29.0.4
   Compiling icu_locale_fallback_data v2.3.0
   Compiling litrs v1.0.0
   Compiling icu_properties_data v2.3.0
   Compiling wgpu v29.0.4
   Compiling icu_normalizer_data v2.3.0
   Compiling icu_segmenter_data v2.3.0
   Compiling windows_x86_64_msvc v0.52.6
   Compiling zmij v1.0.23
   Compiling parking_lot v0.12.5
   Compiling core_maths v0.1.1
   Compiling offset-allocator v0.2.0
   Compiling serde_json v1.0.151
   Compiling weak-table v0.3.2
   Compiling memmap2 v0.9.11
   Compiling byteorder v1.5.0
   Compiling guillotiere v0.6.2
   Compiling parlance v0.1.0
   Compiling linebender_resource_handle v0.1.1
   Compiling accesskit v0.24.1
   Compiling document-features v0.2.12
   Compiling yazi v0.2.1
   Compiling zeno v0.3.3
   Compiling itoa v1.0.18
   Compiling sys-locale v0.3.2
   Compiling windows-targets v0.52.6
   Compiling inflections v1.1.1
   Compiling radsort v0.1.1
   Compiling num-integer v0.1.47
   Compiling winit v0.30.13
   Compiling cpal v0.17.3
   Compiling grid v1.0.1
   Compiling blake3 v1.8.7
   Compiling windows-sys v0.52.0
   Compiling base64 v0.22.1
   Compiling accesskit_consumer v0.35.0
   Compiling dasp_sample v0.11.0
   Compiling num-bigint v0.4.8
   Compiling cursor-icon v1.2.0
   Compiling percent-encoding v2.3.2
   Compiling dpi v0.1.2
   Compiling taffy v0.10.1
   Compiling hound v3.5.1
   Compiling crossbeam-epoch v0.9.21
   Compiling crossbeam-deque v0.8.8
   Compiling paste v1.0.15
   Compiling heapless v0.8.0
   Compiling moxcms v0.8.1
   Compiling rayon-core v1.13.0
   Compiling hash32 v0.3.1
   Compiling num-complex v0.4.6
   Compiling proc-macro-error-attr3 v3.1.1
   Compiling arbitrary-chunks v0.4.1
   Compiling partition v0.1.2
   Compiling robust v1.2.0
   Compiling ena v0.14.4
   Compiling bevy_macro_utils v0.19.1
   Compiling encase_derive_impl v0.12.1
   Compiling atterate v0.0.2
   Compiling synstructure v0.14.0
   Compiling rdst v0.20.14
   Compiling matchers v0.2.0
   Compiling regex v1.13.1
   Compiling spade v2.15.1
   Compiling itertools v0.15.0
   Compiling convert_case v0.11.0
   Compiling option-ext v0.2.0
   Compiling rfd v0.15.4
   Compiling windows-sys v0.59.0
   Compiling tempfile v3.27.0
   Compiling proc-macro-error3 v3.1.1
   Compiling bevy_ecs_macro_logic v0.19.1
   Compiling num-rational v0.4.2
   Compiling dirs-sys v0.5.0
   Compiling directories v6.0.0
   Compiling bytemuck_derive v1.12.1
   Compiling serde_derive v1.0.229
   Compiling thiserror-impl v2.0.21
   Compiling futures-macro v0.3.34
   Compiling zerofrom-derive v0.1.8
   Compiling yoke-derive v0.8.4
   Compiling zerovec-derive v0.11.6
   Compiling displaydoc v0.2.7
   Compiling encase_derive v0.12.1
   Compiling derive_more-impl v2.1.1
   Compiling assert_type_match v0.1.1
   Compiling bevy_reflect_derive v0.19.1
   Compiling variadics_please v1.1.0
   Compiling bevy_derive v0.19.1
   Compiling tracing-attributes v0.1.31
   Compiling bevy_ecs_macros v0.19.1
   Compiling zerocopy-derive v0.8.59
   Compiling windows-implement v0.60.2
   Compiling windows-interface v0.59.3
   Compiling bevy_asset_macros v0.19.1
   Compiling bevy_encase_derive v0.19.1
   Compiling bevy_material_macros v0.19.1
   Compiling bevy_gizmos_macros v0.19.1
   Compiling bevy_render_macros v0.19.1
   Compiling gltf-derive v1.4.1
   Compiling bevy_animation_macros v0.19.1
   Compiling futures-util v0.3.34
   Compiling bevy_scene_macros v0.19.1
   Compiling bevy_state_macros v0.19.1
   Compiling rayon v1.12.0
   Compiling rstar v0.12.2
   Compiling num-derive v0.4.2
   Compiling avian_derive v0.2.3
   Compiling bevy-tnua-macros v0.3.0
   Compiling windows-core v0.62.2
   Compiling bytemuck v1.25.2
   Compiling zerofrom v0.1.8
   Compiling tracing v0.1.44
   Compiling bitflags v2.13.2
   Compiling font-types v0.11.3
   Compiling font-types v0.12.5
   Compiling safe_arch v0.7.4
   Compiling glam v0.33.12
   Compiling encase v0.12.1
   Compiling yoke v0.8.3
   Compiling tracing-subscriber v0.3.23
   Compiling spirv v0.4.0+sdk-1.4.341.0
   Compiling png v0.18.1
   Compiling ktx2 v0.5.0
   Compiling gpu-descriptor-types v0.2.0
   Compiling glam v0.32.1
   Compiling zerovec v0.11.8
   Compiling windows-numerics v0.3.1
   Compiling windows-future v0.3.2
   Compiling windows-collections v0.3.2
   Compiling zerotrie v0.2.5
   Compiling gpu-descriptor v0.3.2
   Compiling read-fonts v0.39.2
   Compiling read-fonts v0.41.0
   Compiling wide v0.7.33
   Compiling derive_more v2.1.1
   Compiling windows v0.62.2
   Compiling image v0.25.10
   Compiling wgpu-types v29.0.4
   Compiling smol_str v0.2.2
   Compiling bevy_platform v0.19.1
   Compiling petgraph v0.8.3
   Compiling ron v0.12.2
   Compiling gltf-json v1.4.1
   Compiling bevy_utils v0.19.1
   Compiling bevy_tasks v0.19.1
   Compiling tinystr v0.8.4
   Compiling potential_utf v0.1.6
   Compiling icu_collections v2.3.0
   Compiling icu_locale_core v2.3.0
   Compiling simba v0.9.1
   Compiling icu_provider v2.3.1
   Compiling half v2.7.1
   Compiling icu_properties v2.3.0
   Compiling icu_locale_fallback v2.3.0
   Compiling icu_normalizer v2.3.0
   Compiling gltf v1.4.1
   Compiling icu_segmenter v2.3.0
   Compiling parley_data v0.9.0
   Compiling skrifa v0.44.0
   Compiling obvhs v0.3.3
   Compiling bevy_reflect v0.19.1
   Compiling hexasphere v18.0.0
   Compiling glamx v0.2.0
   Compiling aether_core v0.1.0 (C:\Users\Damien\Documents\Perso\Game\Aether-git\aether-reboot\crates\aether_core)
   Compiling parry3d v0.27.0
   Compiling fontique v0.9.0
   Compiling skrifa v0.42.1
   Compiling harfrust v0.6.2
   Compiling swash v0.2.10
   Compiling parley v0.9.0
   Compiling wgpu-naga-bridge v29.0.4
   Compiling naga_oil v0.22.0
   Compiling bevy_ecs v0.19.1
   Compiling bevy_math v0.19.1
   Compiling glam_matrix_extras v0.3.0
   Compiling bevy_color v0.19.1
   Compiling bevy_heavy v0.5.0
   Compiling bevy_app v0.19.1
   Compiling bevy_time v0.19.1
   Compiling bevy_transform v0.19.1
   Compiling bevy_input v0.19.1
   Compiling bevy_log v0.19.1
   Compiling bevy_a11y v0.19.1
   Compiling bevy_state v0.19.1
   Compiling bevy_clipboard v0.19.1
   Compiling gpu-allocator v0.28.0
   Compiling accesskit_windows v0.32.1
   Compiling bevy_diagnostic v0.19.1
   Compiling bevy_asset v0.19.1
   Compiling rodio v0.22.2
   Compiling accesskit_winit v0.32.2
   Compiling bevy_window v0.19.1
   Compiling bevy_input_focus v0.19.1
   Compiling wgpu-core-deps-windows-linux-android v29.0.4
   Compiling bevy_winit v0.19.1
   Compiling bevy_mesh v0.19.1
   Compiling bevy_image v0.19.1
   Compiling bevy_shader v0.19.1
   Compiling bevy_scene v0.19.1
   Compiling bevy_audio v0.19.1
   Compiling bevy_text v0.19.1
   Compiling bevy_camera v0.19.1
   Compiling bevy_material v0.19.1
   Compiling bevy_animation v0.19.1
   Compiling bevy_gizmos v0.19.1
   Compiling bevy_sprite v0.19.1
   Compiling bevy_world_serialization v0.19.1
   Compiling bevy_render v0.19.1
   Compiling bevy_ui v0.19.1
   Compiling bevy_light v0.19.1
   Compiling bevy_gltf v0.19.1
   Compiling bevy_core_pipeline v0.19.1
   Compiling bevy_sprite_render v0.19.1
   Compiling bevy_pbr v0.19.1
   Compiling bevy_anti_alias v0.19.1
   Compiling bevy_post_process v0.19.1
   Compiling bevy_ui_render v0.19.1
   Compiling bevy_gizmos_render v0.19.1
   Compiling bevy_internal v0.19.1
   Compiling bevy v0.19.0
   Compiling bevy-tnua-physics-integration-layer v0.13.0
   Compiling bevy_transform_interpolation v0.5.0
   Compiling aether_view v0.1.0 (C:\Users\Damien\Documents\Perso\Game\Aether-git\aether-reboot\crates\aether_view)
   Compiling bevy-tnua v0.32.0
   Compiling avian3d v0.7.0
   Compiling bevy-tnua-avian3d v0.12.0
   Compiling aether_sim v0.1.0 (C:\Users\Damien\Documents\Perso\Game\Aether-git\aether-reboot\crates\aether_sim)
   Compiling aether_game v0.1.0 (C:\Users\Damien\Documents\Perso\Game\Aether-git\aether-reboot\crates\aether_game)
    Finished `release` profile [optimized] target(s) in 5m 18s
