   Compiling hashbrown v0.17.1
   Compiling slotmap v1.1.1
   Compiling either v1.18.0
   Compiling fixedbitset v0.5.7
   Compiling syn v3.0.6
   Compiling bitflags v2.13.2
   Compiling constant_time_eq v0.4.2
   Compiling uuid v1.26.1
   Compiling blake3 v1.8.7
   Compiling windows-core v0.62.2
   Compiling hashbrown v0.15.5
   Compiling wgpu v29.0.4
   Compiling itertools v0.14.0
   Compiling byteorder v1.5.0
   Compiling stable_deref_trait v1.2.1
   Compiling spirv v0.4.0+sdk-1.4.341.0
   Compiling gpu-descriptor-types v0.2.0
   Compiling itertools v0.15.0
   Compiling serde_json v1.0.151
   Compiling rayon v1.12.0
   Compiling hash32 v0.3.1
   Compiling accesskit v0.24.1
   Compiling indexmap v2.14.2
   Compiling heapless v0.8.0
   Compiling gpu-descriptor v0.3.2
   Compiling windows-collections v0.3.2
   Compiling windows-numerics v0.3.1
   Compiling windows-future v0.3.2
   Compiling rstar v0.12.2
   Compiling windows v0.62.2
   Compiling proc-macro-error3 v3.1.1
   Compiling bytemuck_derive v1.12.1
   Compiling thiserror-impl v2.0.21
   Compiling serde_derive v1.0.229
   Compiling futures-macro v0.3.34
   Compiling avian_derive v0.2.3
   Compiling futures-util v0.3.34
   Compiling bytemuck v1.25.2
   Compiling thiserror v2.0.21
   Compiling encase v0.12.1
   Compiling half v2.7.1
   Compiling image v0.25.10
   Compiling safe_arch v0.7.4
   Compiling glam v0.33.12
   Compiling glam v0.32.1
   Compiling wide v0.7.33
   Compiling naga v29.0.4
   Compiling serde v1.0.229
   Compiling wgpu-types v29.0.4
   Compiling bevy_platform v0.19.1
   Compiling smol_str v0.2.2
   Compiling ron v0.12.2
   Compiling simba v0.9.1
   Compiling bevy_utils v0.19.1
   Compiling bevy_tasks v0.19.1
   Compiling gpu-allocator v0.28.0
   Compiling obvhs v0.3.3
   Compiling bevy_reflect v0.19.1
   Compiling hexasphere v18.0.0
   Compiling glamx v0.2.0
   Compiling aether_core v0.1.0 (C:\Users\Damien\Documents\Perso\Game\Aether-git\aether-reboot\crates\aether_core)
   Compiling parry3d v0.27.0
   Compiling wgpu-naga-bridge v29.0.4
   Compiling naga_oil v0.22.0
   Compiling wgpu-hal v29.0.4
   Compiling wgpu-core-deps-windows-linux-android v29.0.4
   Compiling wgpu-core v29.0.4
   Compiling bevy_ecs v0.19.1
   Compiling bevy_math v0.19.1
   Compiling glam_matrix_extras v0.3.0
   Compiling bevy_color v0.19.1
   Compiling bevy_heavy v0.5.0
   Compiling bevy_app v0.19.1
   Compiling bevy_time v0.19.1
   Compiling bevy_transform v0.19.1
   Compiling bevy_input v0.19.1
   Compiling bevy_log v0.19.1
   Compiling bevy_state v0.19.1
   Compiling bevy_a11y v0.19.1
   Compiling bevy_diagnostic v0.19.1
   Compiling bevy_asset v0.19.1
   Compiling bevy_window v0.19.1
   Compiling bevy_mesh v0.19.1
   Compiling bevy_image v0.19.1
   Compiling bevy_shader v0.19.1
   Compiling bevy_camera v0.19.1
   Compiling bevy_material v0.19.1
   Compiling bevy_gizmos v0.19.1
   Compiling bevy_render v0.19.1
   Compiling bevy_internal v0.19.1
   Compiling bevy v0.19.0
   Compiling bevy_transform_interpolation v0.5.0
   Compiling bevy-tnua-physics-integration-layer v0.13.0
   Compiling bevy-tnua v0.32.0
   Compiling avian3d v0.7.0
   Compiling bevy-tnua-avian3d v0.12.0
   Compiling aether_sim v0.1.0 (C:\Users\Damien\Documents\Perso\Game\Aether-git\aether-reboot\crates\aether_sim)
    Finished `release` profile [optimized] target(s) in 3m 59s
     Running tests\envelope.rs (target\release\deps\envelope-f315fd80168e5ec3.exe)

running 5 tests
test sleeping_contact_wakes_and_teleported_body_rebuilds_contacts ... ok
test loaded_vessel_with_sail_current_tether_and_low_reserve_remains_finite ... ok
test voxel_internal_edges_do_not_stop_a_walking_character ... ok
test slope_support_is_stable_at_30_60_120_render_fps ... ok
54 cable cases: mass 1k/10k/900k kg, speed 0/25/80 m/s, length 3/80 m, render 30/60/120 Hz; worst relative p95=0.0000008742015
test tether_mass_speed_length_fps_and_pause_matrix_is_bounded ... ok

test result: ok. 5 passed; 0 failed; 0 ignored; 0 measured; 0 filtered out; finished in 4.26s

