info: compiling to WebAssembly...
   Compiling aether_core v0.1.0 (C:\Users\Damien\Documents\Perso\Game\Aether-git\aether-reboot\crates\aether_core)
   Compiling bevy_utils v0.19.1
   Compiling bevy_reflect v0.19.1
   Compiling bevy_ecs v0.19.1
   Compiling bevy_math v0.19.1
   Compiling glam_matrix_extras v0.3.0
   Compiling bevy_color v0.19.1
   Compiling bevy_heavy v0.5.0
   Compiling bevy_app v0.19.1
   Compiling bevy_time v0.19.1
   Compiling bevy_transform v0.19.1
   Compiling bevy_input v0.19.1
   Compiling bevy_log v0.19.1
   Compiling bevy_a11y v0.19.1
   Compiling bevy_state v0.19.1
   Compiling bevy_clipboard v0.19.1
   Compiling bevy_diagnostic v0.19.1
   Compiling bevy_asset v0.19.1
   Compiling bevy_window v0.19.1
   Compiling bevy_input_focus v0.19.1
   Compiling bevy_mesh v0.19.1
   Compiling bevy_image v0.19.1
   Compiling bevy_shader v0.19.1
   Compiling bevy_audio v0.19.1
   Compiling bevy_scene v0.19.1
   Compiling bevy_winit v0.19.1
   Compiling bevy_text v0.19.1
   Compiling bevy_camera v0.19.1
   Compiling bevy_material v0.19.1
   Compiling bevy_animation v0.19.1
   Compiling bevy_gizmos v0.19.1
   Compiling bevy_render v0.19.1
   Compiling bevy_sprite v0.19.1
   Compiling bevy_world_serialization v0.19.1
   Compiling bevy_ui v0.19.1
   Compiling bevy_light v0.19.1
   Compiling bevy_gltf v0.19.1
   Compiling bevy_core_pipeline v0.19.1
   Compiling bevy_sprite_render v0.19.1
   Compiling bevy_pbr v0.19.1
   Compiling bevy_post_process v0.19.1
   Compiling bevy_anti_alias v0.19.1
   Compiling bevy_ui_render v0.19.1
   Compiling bevy_gizmos_render v0.19.1
   Compiling bevy_internal v0.19.1
   Compiling bevy v0.19.0
   Compiling bevy_transform_interpolation v0.5.0
   Compiling bevy-tnua-physics-integration-layer v0.13.0
   Compiling aether_view v0.1.0 (C:\Users\Damien\Documents\Perso\Game\Aether-git\aether-reboot\crates\aether_view)
warning: use of deprecated method `bevy::bevy_asset::AssetServer::load_with_settings`: Use `asset_server.load_builder().with_settings(settings).load(path)` instead
  --> crates\aether_view\src\materials.rs:39:41
   |
39 |         base_color_texture: Some(assets.load_with_settings("textures/wood.png", |s: &mut ImageLoaderSettings| {
   |                                         ^^^^^^^^^^^^^^^^^^
   |
   = note: `#[warn(deprecated)]` on by default

   Compiling bevy-tnua v0.32.0
   Compiling avian3d v0.7.0
warning: `aether_view` (lib) generated 1 warning
   Compiling bevy-tnua-avian3d v0.12.0
   Compiling aether_sim v0.1.0 (C:\Users\Damien\Documents\Perso\Game\Aether-git\aether-reboot\crates\aether_sim)
   Compiling aether_game v0.1.0 (C:\Users\Damien\Documents\Perso\Game\Aether-git\aether-reboot\crates\aether_game)
    Finished `web` profile [optimized] target(s) in 1m 29s
info: bundling JavaScript bindings...
info: using workspace assets.
info: using custom workspace web assets.
info: created bundle at file://C:\Users\Damien\Documents\Perso\Game\Aether-git\aether-reboot\target\bevy_web\web\aether_game
